<h2>Title of the document</h2>

<p>Some paragraph.</p>

<pre><code><span class="neon-section">extensions</span><span
class="neon-sep">:</span><span class="neon-section">
    </span><span
class="neon-sep">-</span><span class="neon-value"> FooExtension(</span><span
class="neon-var">%wwwDir%</span><span class="neon-value">)</span></code></pre>
